09:14:14 resuming stage1 for: water-electric-hues, package-to-product-with-confetti, water-splashes-light
09:14:14 water-electric-hues [image] submitting on https://examined-jobs-heard-franklin.trycloudflare.com ...
09:14:14 package-to-product-with-confetti [image] submitting on https://cindy-buffer-workflow-marketplace.trycloudflare.com ...
09:14:27 package-to-product-with-confetti [image] denoise 0.75 10.4s
09:14:27 water-electric-hues [image] denoise 0.75 10.3s
09:14:37 package-to-product-with-confetti [image] denoise 0.75 21s
09:14:37 water-electric-hues [image] denoise 0.75 20.9s
09:14:47 package-to-product-with-confetti [image] denoise 0.75 31.4s
09:14:48 water-electric-hues [image] denoise 0.75 31.3s
09:14:58 package-to-product-with-confetti [image] denoise 0.75 41.8s
09:14:58 water-electric-hues [image] denoise 0.75 41.6s
09:15:08 package-to-product-with-confetti [image] denoise 0.75 52.2s
09:15:08 water-electric-hues [image] denoise 0.75 51.9s
09:15:19 package-to-product-with-confetti [image] denoise 0.75 62.6s
09:15:19 water-electric-hues [image] denoise 0.75 62.2s
09:15:29 package-to-product-with-confetti [image] denoise 0.75 73s
09:15:29 water-electric-hues [image] denoise 0.75 72.6s
09:15:39 package-to-product-with-confetti [image] denoise 0.75 83.4s
09:15:40 water-electric-hues [image] denoise 0.75 83s
09:15:50 package-to-product-with-confetti [image] denoise 0.75 93.8s
09:15:50 water-electric-hues [image] done 1 93.3s
09:16:00 package-to-product-with-confetti [image] done 1 104.2s
09:16:03 water-electric-hues [image] DONE -> 1015d01eff5b489cb5f8a6575924b532 on https://examined-jobs-heard-franklin.trycloudflare.com
09:16:10 package-to-product-with-confetti [image] DONE -> 0a250bf6b3c644359b70505c8d1dd03f on https://cindy-buffer-workflow-marketplace.trycloudflare.com
09:16:10 water-splashes-light [image] submitting on https://cindy-buffer-workflow-marketplace.trycloudflare.com ...
09:16:22 water-splashes-light [image] queued 0 10.4s
09:16:32 water-splashes-light [image] queued 0 21s
09:16:43 water-splashes-light [image] queued 0 31.4s
09:16:55 water-splashes-light [image] denoise 0.75 41.8s
09:17:05 water-splashes-light [image] denoise 0.75 53.8s
09:17:15 water-splashes-light [image] denoise 0.75 64.2s
09:17:26 water-splashes-light [image] denoise 0.75 74.5s
09:17:36 water-splashes-light [image] denoise 0.75 84.9s
09:17:47 water-splashes-light [image] denoise 0.75 95.3s
09:17:57 water-splashes-light [image] denoise 0.75 106s
09:18:10 water-splashes-light [image] denoise 0.75 116.8s
09:18:20 water-splashes-light [image] denoise 0.75 128.8s
09:18:31 water-splashes-light [image] done 1 139.2s
09:18:42 water-splashes-light [image] DONE -> 023e8d9e775e4744940b36f9190b8742 on https://cindy-buffer-workflow-marketplace.trycloudflare.com
09:18:42 === DONE === ok: 3 / failed: 0
